// Jest Snapshot v1, https://goo.gl/fbAQLP

exports[`BreadcrumbMenu should match snapshot 1`] = `
<div
  className="breadcrumb-menu"
>
  <TextButton
    text="Electrónica, Audio y Video"
  />
  <Memo(ForwardRef(ChevronRightIcon))
    fontSize="small"
  />
  <TextButton
    text="Audio"
  />
  <Memo(ForwardRef(ChevronRightIcon))
    fontSize="small"
  />
  <TextButton
    text="Reproductores Portátiles"
  />
  <Memo(ForwardRef(ChevronRightIcon))
    fontSize="small"
  />
  <TextButton
    text="Accesorios"
  />
  <Memo(ForwardRef(ChevronRightIcon))
    fontSize="small"
  />
  <TextButton
    text="Parlantes Portátiles"
  />
</div>
`;
